[21884:16248:0913/215312.146:WARNING:chrome_main_delegate.cc(745)] This is Chrome version 128.0.6613.138 (not a warning)
[21884:21272:0913/215312.448:ERROR:google_update_settings.cc(265)] Failed opening key Software\Chromium to set usagestats; result: 5
[21884:16248:0913/215312.604:WARNING:account_consistency_mode_manager.cc(77)] Desktop Identity Consistency cannot be enabled as no OAuth client ID and client secret have been configured.
[5032:34992:0913/215335.642:WARNING:frame_impl.cc(430)] virtual CefFrameImpl::SendProcessMessage sent to detached frame 5-45BC85AB791DA5B82753D1CAC4DA91CC will be ignored
[21884:32212:0913/215337.254:ERROR:cast_crl.cc(443)] CRL - Verification failed.
[13044:4604:0913/215337.755:ERROR:ssl_client_socket_impl.cc(882)] handshake failed; returned -1, SSL error code 1, net_error -100
[23520:13220:0913/215339.183:WARNING:codec.cc(525)] Explicitly added H264 constrained baseline to list of supported formats.
[23520:6692:0913/215339.224:WARNING:codec.cc(525)] Explicitly added H264 constrained baseline to list of supported formats.
[23520:6692:0913/215339.226:WARNING:codec.cc(525)] Explicitly added H264 constrained baseline to list of supported formats.
[23520:6692:0913/215339.234:WARNING:codec.cc(525)] Explicitly added H264 constrained baseline to list of supported formats.
[21884:32212:0913/215340.652:WARNING:browser_info.cc(345)] Returning a speculative frame for [9,9]
[21884:16248:0913/215340.990:WARNING:browser_info.cc(345)] Returning a speculative frame for [10,9]
[21884:16248:0913/215340.990:WARNING:browser_info.cc(345)] Returning a speculative frame for [10,9]
[21884:16248:0913/215340.990:WARNING:browser_info.cc(345)] Returning a speculative frame for [10,9]
[21884:16248:0913/215340.991:WARNING:browser_info.cc(345)] Returning a speculative frame for [10,9]
[21884:32212:0913/215341.310:WARNING:browser_info.cc(345)] Returning a speculative frame for [10,9]
[32464:13320:0913/215343.307:WARNING:codec.cc(525)] Explicitly added H264 constrained baseline to list of supported formats.
[32464:36616:0913/215343.410:WARNING:codec.cc(525)] Explicitly added H264 constrained baseline to list of supported formats.
[32464:36616:0913/215343.410:WARNING:codec.cc(525)] Explicitly added H264 constrained baseline to list of supported formats.
[32464:36616:0913/215343.410:WARNING:codec.cc(525)] Explicitly added H264 constrained baseline to list of supported formats.
[13044:4604:0913/215349.981:ERROR:ssl_client_socket_impl.cc(882)] handshake failed; returned -1, SSL error code 1, net_error -100
[32464:13320:0913/215350.732:WARNING:codec.cc(525)] Explicitly added H264 constrained baseline to list of supported formats.
[32464:13320:0913/215350.739:WARNING:codec.cc(525)] Explicitly added H264 constrained baseline to list of supported formats.
[32464:36616:0913/215350.757:WARNING:codec.cc(525)] Explicitly added H264 constrained baseline to list of supported formats.
[32464:36616:0913/215350.757:WARNING:codec.cc(525)] Explicitly added H264 constrained baseline to list of supported formats.
[32464:36616:0913/215350.758:WARNING:codec.cc(525)] Explicitly added H264 constrained baseline to list of supported formats.
[13044:4604:0913/215358.662:ERROR:ssl_client_socket_impl.cc(882)] handshake failed; returned -1, SSL error code 1, net_error -107
[33688:25888:0913/215624.242:ERROR:shared_image_manager.cc(224)] SharedImageManager::ProduceSkia: Trying to Produce a Skia representation from a non-existent mailbox.
[21884:16248:0913/215641.677:WARNING:page_discarding_helper.cc(138)] Discarding multiple pages with target (kb): 0
[21884:16248:0913/221225.601:ERROR:device_event_log_impl.cc(196)] [22:12:25.412] USB: usb_service_win.cc:105 SetupDiGetDeviceProperty({{A45C254E-DF1C-4EFD-8020-67D146A850E0}, 6}) failed: Element not found. (0x490)
[21884:16248:0913/221549.885:WARNING:page_discarding_helper.cc(138)] Discarding multiple pages with target (kb): 0
[21884:16248:0913/224223.947:WARNING:page_discarding_helper.cc(138)] Discarding multiple pages with target (kb): 0
[21884:16248:0913/231243.265:WARNING:page_discarding_helper.cc(138)] Discarding multiple pages with target (kb): 0
[21884:16248:0913/231243.912:WARNING:pref_notifier_impl.cc(41)] Pref observer for media_router.cast_allow_all_ips found at shutdown.
